------------------------------------------------------------
Timing Analyzer Summary
------------------------------------------------------------

Type  : Slow 1200mV 85C Model Setup 'CLK'
Slack : -4.640
TNS   : -201.995

Type  : Slow 1200mV 85C Model Setup 'OE_PC'
Slack : -0.586
TNS   : -1.704

Type  : Slow 1200mV 85C Model Setup 'OE_ALU'
Slack : -0.380
TNS   : -1.896

Type  : Slow 1200mV 85C Model Setup 'OE_Breg'
Slack : -0.127
TNS   : -0.924

Type  : Slow 1200mV 85C Model Setup 'OE_Acc'
Slack : -0.005
TNS   : -0.011

Type  : Slow 1200mV 85C Model Setup 'Mem:Mem_1|Memory.we_a'
Slack : 0.295
TNS   : 0.000

Type  : Slow 1200mV 85C Model Hold 'CLK'
Slack : -2.007
TNS   : -2.007

Type  : Slow 1200mV 85C Model Hold 'Mem:Mem_1|Memory.we_a'
Slack : -0.305
TNS   : -2.382

Type  : Slow 1200mV 85C Model Hold 'OE_Acc'
Slack : -0.088
TNS   : -0.691

Type  : Slow 1200mV 85C Model Hold 'OE_ALU'
Slack : -0.040
TNS   : -0.189

Type  : Slow 1200mV 85C Model Hold 'OE_Breg'
Slack : 0.048
TNS   : 0.000

Type  : Slow 1200mV 85C Model Hold 'OE_PC'
Slack : 0.148
TNS   : 0.000

Type  : Slow 1200mV 85C Model Recovery 'CLK'
Slack : -0.629
TNS   : -12.218

Type  : Slow 1200mV 85C Model Removal 'CLK'
Slack : 0.496
TNS   : 0.000

Type  : Slow 1200mV 85C Model Minimum Pulse Width 'CLK'
Slack : -3.000
TNS   : -128.000

Type  : Slow 1200mV 85C Model Minimum Pulse Width 'OE_PC'
Slack : 0.364
TNS   : 0.000

Type  : Slow 1200mV 85C Model Minimum Pulse Width 'OE_Breg'
Slack : 0.390
TNS   : 0.000

Type  : Slow 1200mV 85C Model Minimum Pulse Width 'Mem:Mem_1|Memory.we_a'
Slack : 0.396
TNS   : 0.000

Type  : Slow 1200mV 85C Model Minimum Pulse Width 'OE_Acc'
Slack : 0.424
TNS   : 0.000

Type  : Slow 1200mV 85C Model Minimum Pulse Width 'OE_ALU'
Slack : 0.454
TNS   : 0.000

Type  : Slow 1200mV 0C Model Setup 'CLK'
Slack : -4.043
TNS   : -170.250

Type  : Slow 1200mV 0C Model Setup 'OE_PC'
Slack : -0.534
TNS   : -1.550

Type  : Slow 1200mV 0C Model Setup 'OE_ALU'
Slack : -0.329
TNS   : -1.575

Type  : Slow 1200mV 0C Model Setup 'OE_Breg'
Slack : -0.093
TNS   : -0.651

Type  : Slow 1200mV 0C Model Setup 'OE_Acc'
Slack : 0.009
TNS   : 0.000

Type  : Slow 1200mV 0C Model Setup 'Mem:Mem_1|Memory.we_a'
Slack : 0.359
TNS   : 0.000

Type  : Slow 1200mV 0C Model Hold 'CLK'
Slack : -1.825
TNS   : -1.825

Type  : Slow 1200mV 0C Model Hold 'Mem:Mem_1|Memory.we_a'
Slack : -0.277
TNS   : -2.159

Type  : Slow 1200mV 0C Model Hold 'OE_Acc'
Slack : 0.006
TNS   : 0.000

Type  : Slow 1200mV 0C Model Hold 'OE_ALU'
Slack : 0.061
TNS   : 0.000

Type  : Slow 1200mV 0C Model Hold 'OE_Breg'
Slack : 0.120
TNS   : 0.000

Type  : Slow 1200mV 0C Model Hold 'OE_PC'
Slack : 0.265
TNS   : 0.000

Type  : Slow 1200mV 0C Model Recovery 'CLK'
Slack : -0.457
TNS   : -7.882

Type  : Slow 1200mV 0C Model Removal 'CLK'
Slack : 0.443
TNS   : 0.000

Type  : Slow 1200mV 0C Model Minimum Pulse Width 'CLK'
Slack : -3.000
TNS   : -128.000

Type  : Slow 1200mV 0C Model Minimum Pulse Width 'OE_Breg'
Slack : 0.425
TNS   : 0.000

Type  : Slow 1200mV 0C Model Minimum Pulse Width 'OE_PC'
Slack : 0.426
TNS   : 0.000

Type  : Slow 1200mV 0C Model Minimum Pulse Width 'Mem:Mem_1|Memory.we_a'
Slack : 0.449
TNS   : 0.000

Type  : Slow 1200mV 0C Model Minimum Pulse Width 'OE_Acc'
Slack : 0.462
TNS   : 0.000

Type  : Slow 1200mV 0C Model Minimum Pulse Width 'OE_ALU'
Slack : 0.476
TNS   : 0.000

Type  : Fast 1200mV 0C Model Setup 'CLK'
Slack : -2.245
TNS   : -68.432

Type  : Fast 1200mV 0C Model Setup 'OE_PC'
Slack : -0.023
TNS   : -0.023

Type  : Fast 1200mV 0C Model Setup 'OE_ALU'
Slack : 0.125
TNS   : 0.000

Type  : Fast 1200mV 0C Model Setup 'OE_Breg'
Slack : 0.274
TNS   : 0.000

Type  : Fast 1200mV 0C Model Setup 'OE_Acc'
Slack : 0.344
TNS   : 0.000

Type  : Fast 1200mV 0C Model Setup 'Mem:Mem_1|Memory.we_a'
Slack : 0.631
TNS   : 0.000

Type  : Fast 1200mV 0C Model Hold 'CLK'
Slack : -1.158
TNS   : -1.161

Type  : Fast 1200mV 0C Model Hold 'Mem:Mem_1|Memory.we_a'
Slack : -0.232
TNS   : -1.817

Type  : Fast 1200mV 0C Model Hold 'OE_Acc'
Slack : 0.009
TNS   : 0.000

Type  : Fast 1200mV 0C Model Hold 'OE_ALU'
Slack : 0.049
TNS   : 0.000

Type  : Fast 1200mV 0C Model Hold 'OE_Breg'
Slack : 0.086
TNS   : 0.000

Type  : Fast 1200mV 0C Model Hold 'OE_PC'
Slack : 0.158
TNS   : 0.000

Type  : Fast 1200mV 0C Model Recovery 'CLK'
Slack : 0.057
TNS   : 0.000

Type  : Fast 1200mV 0C Model Removal 'CLK'
Slack : 0.282
TNS   : 0.000

Type  : Fast 1200mV 0C Model Minimum Pulse Width 'CLK'
Slack : -3.000
TNS   : -135.443

Type  : Fast 1200mV 0C Model Minimum Pulse Width 'Mem:Mem_1|Memory.we_a'
Slack : 0.351
TNS   : 0.000

Type  : Fast 1200mV 0C Model Minimum Pulse Width 'OE_Breg'
Slack : 0.351
TNS   : 0.000

Type  : Fast 1200mV 0C Model Minimum Pulse Width 'OE_PC'
Slack : 0.355
TNS   : 0.000

Type  : Fast 1200mV 0C Model Minimum Pulse Width 'OE_Acc'
Slack : 0.360
TNS   : 0.000

Type  : Fast 1200mV 0C Model Minimum Pulse Width 'OE_ALU'
Slack : 0.376
TNS   : 0.000

------------------------------------------------------------
